 Timestamp         S0     S1     E      O      M     CCS    YGC     YGCT    FGC    FGCT    CGC    CGCT     GCT
       181792.8   0.00 100.00  77.50  36.27  96.99  90.89    110    0.531     0    0.000     6    0.021    0.552
       181793.8   0.00 100.00  77.50  36.27  96.99  90.89    110    0.531     0    0.000     6    0.021    0.552
       181794.8   0.00 100.00  77.50  36.27  96.99  90.89    110    0.531     0    0.000     6    0.021    0.552
       181795.8   0.00 100.00  77.50  36.27  96.99  90.89    110    0.531     0    0.000     6    0.021    0.552
       181796.8   0.00 100.00  77.50  36.27  96.99  90.89    110    0.531     0    0.000     6    0.021    0.552
       181797.8   0.00 100.00  77.50  36.27  96.99  90.89    110    0.531     0    0.000     6    0.021    0.552
       181798.8   0.00 100.00  77.50  36.27  96.99  90.89    110    0.531     0    0.000     6    0.021    0.552
       181799.8   0.00 100.00  77.50  36.27  96.99  90.89    110    0.531     0    0.000     6    0.021    0.552
       181800.8   0.00 100.00  77.50  36.27  96.99  90.89    110    0.531     0    0.000     6    0.021    0.552
       181801.8   0.00 100.00  78.12  36.27  96.99  90.89    110    0.531     0    0.000     6    0.021    0.552
       181802.8   0.00 100.00  78.12  36.27  96.99  90.89    110    0.531     0    0.000     6    0.021    0.552
       181803.8   0.00 100.00  78.12  36.27  96.99  90.89    110    0.531     0    0.000     6    0.021    0.552
       181804.8   0.00 100.00  78.12  36.27  96.99  90.89    110    0.531     0    0.000     6    0.021    0.552
       181805.8   0.00 100.00  78.12  36.27  96.99  90.89    110    0.531     0    0.000     6    0.021    0.552
       181806.8   0.00 100.00  78.12  36.27  96.99  90.89    110    0.531     0    0.000     6    0.021    0.552
       181807.8   0.00 100.00  78.12  36.27  96.99  90.89    110    0.531     0    0.000     6    0.021    0.552
       181808.8   0.00 100.00  78.12  36.27  96.99  90.89    110    0.531     0    0.000     6    0.021    0.552
       181809.8   0.00 100.00  78.12  36.27  96.99  90.89    110    0.531     0    0.000     6    0.021    0.552
       181810.8   0.00 100.00  78.12  36.27  96.99  90.89    110    0.531     0    0.000     6    0.021    0.552
       181811.8   0.00 100.00  78.75  36.27  96.99  90.89    110    0.531     0    0.000     6    0.021    0.552